string(27) "B::func2: This should work!"
string(27) "B::func3: This should work!"

Warning: call_user_func_array() expects parameter 1 to be a valid callback, class 'C' does not have a method 'inexistent' in /home/pi/Downloads/php-5.3.5/Zend/tests/bug48770_3.php on line 22